---
source: src/tests/discard.rs
assertion_line: 181
expression: ctx.redact_buffer()
---
 Branches                                                                       |
 * main merged add initial-file                                          b66a0bf|
   merged merged add initial-file                                        b66a0bf|
▌  unmerged unmerged add first commit                                    c84f226|
                                                                                |
 Remote origin                                                                  |
   origin/HEAD merged add initial-file                                   b66a0bf|
   origin/main merged add initial-file                                   b66a0bf|
                                                                                |
                                                                                |
                                                                                |
                                                                                |
                                                                                |
                                                                                |
                                                                                |
                                                                                |
                                                                                |
                                                                                |
────────────────────────────────────────────────────────────────────────────────|
? Branch is not fully merged. Really delete? (y or n) › █                       |
styles_hash: 3cbb1bd1d430c0a0
