---
source: src/tests/discard.rs
assertion_line: 176
expression: ctx.redact_buffer()
---
 Branches                                                                       |
 * main merged add initial-file                                          b66a0bf|
▌  unmerged unmerged add first commit                                    c84f226|
                                                                                |
 Remote origin                                                                  |
   origin/HEAD merged add initial-file                                   b66a0bf|
   origin/main merged add initial-file                                   b66a0bf|
                                                                                |
                                                                                |
                                                                                |
                                                                                |
                                                                                |
                                                                                |
                                                                                |
                                                                                |
                                                                                |
                                                                                |
────────────────────────────────────────────────────────────────────────────────|
$ git branch -d merged                                                          |
Deleted branch merged (was b66a0bf).                                            |
styles_hash: 76376468297e78e6
