---
source: src/tests/mod.rs
assertion_line: 53
expression: ctx.redact_buffer()
---
────────────────────────────────────────────────────────────────────────────────|
 Help                                      Submenu           On branch main     |
 x                Delete marked branches   b   Branch        tab Fold           |
 Y                Show Refs                c   Commit                           |
 S                Stage all modified       f   Fetch                            |
 U                Unstage all              h/? Help                             |
 backtab          Cycle all                l   Log                              |
 k/up             Up                       m   Merge                            |
 j/down           Down                     M   Remote                           |
 ctrl+k/ctrl+up   Up line                  F   Pull                             |
 ctrl+j/ctrl+down Down line                P   Push                             |
 alt+k/alt+up     Prev section             r   Rebase                           |
 alt+j/alt+down   Next section             X   Reset                            |
 alt+h/alt+left   Parent section           V   Revert                           |
 g+g              Top                      A   Cherry-pick                      |
 G                Bottom                   z   Stash                            |
 ctrl+u           Scroll half page up                                           |
 ctrl+d           Scroll half page down                                         |
 ctrl+space       Set mark                                                      |
 ctrl+g           Clear mark                                                    |
styles_hash: dae6284f0e204681
