---
source: src/tests/mod.rs
assertion_line: 358
expression: ctx.redact_buffer()
---
▌Branches                                                                       |
▌? main add initial-file                                                 b66a0bf|
                                                                                |
 Remote origin                                                                  |
   origin/HEAD add initial-file                                          b66a0bf|
 ? origin/main add initial-file                                          b66a0bf|
                                                                                |
 Tags                                                                           |
 ? v1.0 add initial-file                                                 b66a0bf|
                                                                                |
                                                                                |
                                                                                |
                                                                                |
                                                                                |
                                                                                |
                                                                                |
                                                                                |
                                                                                |
                                                                                |
                                                                                |
styles_hash: f418b1aa25876af5
