---
source: src/tests/mod.rs
assertion_line: 372
expression: ctx.redact_buffer()
---
 Branches                                                                       |
▌  feature-renamed merged add initial-file                               b66a0bf|
 * main merged add initial-file                                          b66a0bf|
                                                                                |
 Remote origin                                                                  |
   origin/HEAD merged add initial-file                                   b66a0bf|
   origin/main merged add initial-file                                   b66a0bf|
                                                                                |
                                                                                |
                                                                                |
                                                                                |
                                                                                |
                                                                                |
                                                                                |
                                                                                |
                                                                                |
                                                                                |
                                                                                |
────────────────────────────────────────────────────────────────────────────────|
$ git branch -m feature-a feature-renamed                                       |
styles_hash: a77b337bcce7aa6d
