---
source: src/tests/mod.rs
assertion_line: 365
expression: ctx.redact_buffer()
---
 Branches                                                                       |
▌* main add initial-file                                                 b66a0bf|
                                                                                |
 Remote origin                                                                  |
   origin/HEAD add initial-file                                          b66a0bf|
   origin/main add initial-file                                          b66a0bf|
                                                                                |
                                                                                |
                                                                                |
                                                                                |
                                                                                |
                                                                                |
                                                                                |
                                                                                |
                                                                                |
                                                                                |
                                                                                |
────────────────────────────────────────────────────────────────────────────────|
$ git branch -d feature-a                                                       |
Deleted branch feature-a (was b66a0bf).                                         |
styles_hash: 8b0ae96c8f6600e8
