---
source: src/tests/commit.rs
expression: ctx.redact_buffer()
---
▌On branch main                                                                 |
▌Your branch is up to date with 'origin/main'.                                  |
                                                                                |
 Staged changes (1)                                                             |
 added      new_file.txt…                                                       |
                                                                                |
 Recent commits                                                                 |
 b66a0bf main origin/main add initial-file                       Author Name __ |
                                                                                |
                                                                                |
                                                                                |
                                                                                |
────────────────────────────────────────────────────────────────────────────────|
 Commit             Arguments                                                   |
 c     Commit       -a Stage all modified and deleted files (--all)             |
 g     generate     -e Allow empty commit (--allow-empty)                       |
 a     amend        -n Disable hooks (--no-verify)                              |
 e     extend       -R Claim authorship and reset author date (--reset-author)  |
 q/esc Quit/Close   -s Add Signed-off-by line (--signoff)                       |
                    -v Show diff of changes to be committed (--verbose)         |
styles_hash: 8a6e3bc815ae68b7
