---
source: src/tests/mod.rs
assertion_line: 351
expression: ctx.redact_buffer()
---
▌Branches                                                                       |
▌? main merged add initial-file                                          b66a0bf|
                                                                                |
 Remote origin                                                                  |
   origin/HEAD merged add initial-file                                   b66a0bf|
 ? origin/main merged add initial-file                                   b66a0bf|
                                                                                |
                                                                                |
                                                                                |
                                                                                |
                                                                                |
                                                                                |
                                                                                |
                                                                                |
                                                                                |
                                                                                |
                                                                                |
                                                                                |
                                                                                |
                                                                                |
styles_hash: ad692c9f4b192e69
