---
source: src/tests/discard.rs
assertion_line: 22
expression: ctx.redact_buffer()
---
 Branches                                                                       |
▌* main add initial-file                                                 b66a0bf|
                                                                                |
 Remote origin                                                                  |
   origin/HEAD add initial-file                                          b66a0bf|
   origin/main add initial-file                                          b66a0bf|
                                                                                |
                                                                                |
                                                                                |
                                                                                |
                                                                                |
                                                                                |
                                                                                |
                                                                                |
                                                                                |
                                                                                |
                                                                                |
────────────────────────────────────────────────────────────────────────────────|
$ git branch -d asd                                                             |
Deleted branch asd (was b66a0bf).                                               |
styles_hash: d62ba1aaf9d149e8
